# ssd 55-course import — category rails (operator order 2026-08-02, session B)
# per-shortname entries: the 'a' letter SPLITS between two rails (a1-a4 vs a5-a8)
a1 = Your Yes
a2 = Your Yes
a3 = Your Yes
a4 = Your Yes
d1 = Your Yes
d2 = Your Yes
d3 = Your Yes
d4 = Your Yes
d5 = Your Yes
d6 = Your Yes
d7 = Your Yes
d8 = Your Yes
g1 = Your Yes
g2 = Your Yes
g3 = Your Yes
g4 = Your Yes
h1 = Your Yes
h2 = Your Yes
h3 = Your Yes
h4 = Your Yes
i1 = Your Yes
i2 = Your Yes
i3 = Your Yes
b1 = Prayer & Recollection
b2 = Prayer & Recollection
b3 = Prayer & Recollection
b4 = Prayer & Recollection
b5 = Prayer & Recollection
b6 = Prayer & Recollection
b7 = Prayer & Recollection
c1 = Prayer & Recollection
c2 = Prayer & Recollection
c3 = Prayer & Recollection
c4 = Prayer & Recollection
c5 = Prayer & Recollection
j1 = Prayer & Recollection
j2 = Prayer & Recollection
j3 = Prayer & Recollection
j4 = Prayer & Recollection
j5 = Prayer & Recollection
j6 = Prayer & Recollection
j7 = Prayer & Recollection
e1 = Ascesis
e2 = Ascesis
e3 = Ascesis
e4 = Ascesis
e5 = Ascesis
f1 = Ascesis
f2 = Ascesis
f3 = Ascesis
f4 = Ascesis
a5 = Sacraments
a6 = Sacraments
a7 = Sacraments
a8 = Sacraments
